
> vite_react_shadcn_ts@0.0.0 build
> vite build

[36mvite v5.4.19 [32mbuilding for production...[36m[39m
transforming...
node.exe : Browserslist: browsers data (caniuse-lite) is 9 months old. Please ru
n:
At line:1 char:1
+ & "C:\Program Files\nodejs/node.exe" "C:\Program Files\nodejs/node_mo ...
+ ~~~~~~~~~~~~~~~~~~~~~~~~~~~~~~~~~~~~~~~~~~~~~~~~~~~~~~~~~~~~~~~~~~~~~
    + CategoryInfo          : NotSpecified: (Browserslist: b...ld. Please run:: 
   String) [], RemoteException
    + FullyQualifiedErrorId : NativeCommandError
 
  npx update-browserslist-db@latest
  Why you should do it regularly: https://github.com/browserslist/update-db#read
me
[32mÔ£ô[39m 63 modules transformed.
[31mx[39m Build failed in 786ms
[31merror during build:
[31m[vite:esbuild] Transform failed with 1 error:
E:/eventscalendar/src/components/SocialFeed.tsx:2189:12: ERROR: Expected "}" but
 found ")"[31m
file: [36mE:/eventscalendar/src/components/SocialFeed.tsx:2189:12[31m
[33m
[33mExpected "}" but found ")"[33m
2187|                      )}
2188|                  </div>
2189|              )}
   |              ^
2190|              </div>
2191|  
[31m
    at failureErrorWithLog (E:\eventscalendar\node_modules\esbuild\lib\main.js:1
472:15)
    at E:\eventscalendar\node_modules\esbuild\lib\main.js:755:50
    at responseCallbacks.<computed> (E:\eventscalendar\node_modules\esbuild\lib\
main.js:622:9)
    at handleIncomingPacket (E:\eventscalendar\node_modules\esbuild\lib\main.js:
677:12)
    at Socket.readFromStdout (E:\eventscalendar\node_modules\esbuild\lib\main.js
:600:7)
    at Socket.emit (node:events:508:28)
    at addChunk (node:internal/streams/readable:559:12)
    at readableAddChunkPushByteMode (node:internal/streams/readable:510:3)
    at Readable.push (node:internal/streams/readable:390:5)
    at Pipe.onStreamRead (node:internal/stream_base_commons:189:23)[39m
